args: ["a","b","c","@T15732_06.response"]
argsR: ["a","b","c","@T15732_06.response"]
oldGenFactor: 3.0
