T15732_02: Most RTS options are disabled. Link with -rtsopts to enable them.
