args: ["a","b","c","@T15732_05.response"]
argsR: ["a","b","c","d","e","f"]
